C:/Users/ray_juan/.st_workbench/projects/test_0602/Src/mc_interface.c:77:13:MCI_ExecSpeedRamp	0	static
C:/Users/ray_juan/.st_workbench/projects/test_0602/Src/mc_interface.c:116:13:MCI_ExecSpeedRamp_F	8	static
C:/Users/ray_juan/.st_workbench/projects/test_0602/Src/mc_interface.c:156:13:MCI_ExecTorqueRamp	0	static
C:/Users/ray_juan/.st_workbench/projects/test_0602/Src/mc_interface.c:198:13:MCI_ExecTorqueRamp_F	8	static
C:/Users/ray_juan/.st_workbench/projects/test_0602/Src/mc_interface.c:307:13:MCI_SetSpeedMode	8	static
C:/Users/ray_juan/.st_workbench/projects/test_0602/Src/mc_interface.c:332:13:MCI_SetOpenLoopCurrentMode	8	static
C:/Users/ray_juan/.st_workbench/projects/test_0602/Src/mc_interface.c:348:13:MCI_SetOpenLoopCurrent	8	static
C:/Users/ray_juan/.st_workbench/projects/test_0602/Src/mc_interface.c:360:13:MCI_SetOpenLoopVoltageMode	16	static
C:/Users/ray_juan/.st_workbench/projects/test_0602/Src/mc_interface.c:377:13:MCI_SetOpenLoopVoltage	8	static
C:/Users/ray_juan/.st_workbench/projects/test_0602/Src/mc_interface.c:564:13:MCI_GetCalibratedOffsetsMotor	8	static
C:/Users/ray_juan/.st_workbench/projects/test_0602/Src/mc_interface.c:745:13:MCI_FaultProcessing	0	static
C:/Users/ray_juan/.st_workbench/projects/test_0602/Src/mc_interface.c:770:13:MCI_ExecBufferedCommands	8	static
C:/Users/ray_juan/.st_workbench/projects/test_0602/Src/mc_interface.c:860:27:MCI_IsCommandAcknowledged	0	static
C:/Users/ray_juan/.st_workbench/projects/test_0602/Src/mc_interface.c:892:20:MCI_GetSTMState	0	static
C:/Users/ray_juan/.st_workbench/projects/test_0602/Src/mc_interface.c:913:17:MCI_GetOccurredFaults	0	static
C:/Users/ray_juan/.st_workbench/projects/test_0602/Src/mc_interface.c:933:17:MCI_GetCurrentFaults	0	static
C:/Users/ray_juan/.st_workbench/projects/test_0602/Src/mc_interface.c:414:13:MCI_StartMotor	8	static
C:/Users/ray_juan/.st_workbench/projects/test_0602/Src/mc_interface.c:476:13:MCI_StartWithPolarizationMotor	8	static
C:/Users/ray_juan/.st_workbench/projects/test_0602/Src/mc_interface.c:521:13:MCI_StartOffsetMeasurments	8	static
C:/Users/ray_juan/.st_workbench/projects/test_0602/Src/mc_interface.c:610:13:MCI_SetCalibratedOffsetsMotor	16	static
C:/Users/ray_juan/.st_workbench/projects/test_0602/Src/mc_interface.c:655:13:MCI_StopMotor	16	static
C:/Users/ray_juan/.st_workbench/projects/test_0602/Src/mc_interface.c:710:13:MCI_FaultAcknowledged	8	static
C:/Users/ray_juan/.st_workbench/projects/test_0602/Src/mc_interface.c:957:17:MCI_GetFaultState	0	static
C:/Users/ray_juan/.st_workbench/projects/test_0602/Src/mc_interface.c:982:25:MCI_GetControlMode	0	static
C:/Users/ray_juan/.st_workbench/projects/test_0602/Src/mc_interface.c:230:13:MCI_SetCurrentReferences	24	static
C:/Users/ray_juan/.st_workbench/projects/test_0602/Src/mc_interface.c:279:13:MCI_SetCurrentReferences_F	24	static
C:/Users/ray_juan/.st_workbench/projects/test_0602/Src/mc_interface.c:998:16:MCI_GetImposedMotorDirection	0	static
C:/Users/ray_juan/.st_workbench/projects/test_0602/Src/mc_interface.c:1066:16:MCI_GetLastRampFinalSpeed	0	static
C:/Users/ray_juan/.st_workbench/projects/test_0602/Src/mc_interface.c:1092:16:MCI_GetLastRampFinalTorque	0	static
C:/Users/ray_juan/.st_workbench/projects/test_0602/Src/mc_interface.c:1118:16:MCI_GetLastRampFinalTorque_F	0	static
C:/Users/ray_juan/.st_workbench/projects/test_0602/Src/mc_interface.c:1143:17:MCI_GetLastRampFinalDuration	0	static
C:/Users/ray_juan/.st_workbench/projects/test_0602/Src/mc_interface.c:1167:16:MCI_GetLastRampFinalSpeed_F	0	static
C:/Users/ray_juan/.st_workbench/projects/test_0602/Src/mc_interface.c:1187:13:MCI_RampCompleted	8	static
C:/Users/ray_juan/.st_workbench/projects/test_0602/Src/mc_interface.c:1220:13:MCI_StopSpeedRamp	0	static
C:/Users/ray_juan/.st_workbench/projects/test_0602/Src/mc_interface.c:1233:13:MCI_StopRamp	0	static
C:/Users/ray_juan/.st_workbench/projects/test_0602/Src/mc_interface.c:1257:13:MCI_GetSpdSensorReliability	0	static
C:/Users/ray_juan/.st_workbench/projects/test_0602/Src/mc_interface.c:1283:16:MCI_GetAvrgMecSpeedUnit	0	static
C:/Users/ray_juan/.st_workbench/projects/test_0602/Src/mc_interface.c:1307:16:MCI_GetAvrgMecSpeed_F	8	static
C:/Users/ray_juan/.st_workbench/projects/test_0602/Src/mc_interface.c:1332:16:MCI_GetMecSpeedRefUnit	0	static
C:/Users/ray_juan/.st_workbench/projects/test_0602/Src/mc_interface.c:1347:16:MCI_GetMecSpeedRef_F	8	static
C:/Users/ray_juan/.st_workbench/projects/test_0602/Src/mc_interface.c:1362:13:MCI_GetIab	8	static
C:/Users/ray_juan/.st_workbench/projects/test_0602/Src/mc_interface.c:1382:15:MCI_GetIab_F	16	static
C:/Users/ray_juan/.st_workbench/projects/test_0602/Src/mc_interface.c:1409:20:MCI_GetIalphabeta	8	static
C:/Users/ray_juan/.st_workbench/projects/test_0602/Src/mc_interface.c:1434:13:MCI_GetIqd	8	static
C:/Users/ray_juan/.st_workbench/projects/test_0602/Src/mc_interface.c:1459:15:MCI_GetIqd_F	16	static
C:/Users/ray_juan/.st_workbench/projects/test_0602/Src/mc_interface.c:1485:13:MCI_GetIqdHF	8	static
C:/Users/ray_juan/.st_workbench/projects/test_0602/Src/mc_interface.c:1510:13:MCI_GetIqdref	8	static
C:/Users/ray_juan/.st_workbench/projects/test_0602/Src/mc_interface.c:1535:15:MCI_GetIqdref_F	16	static
C:/Users/ray_juan/.st_workbench/projects/test_0602/Src/mc_interface.c:1560:13:MCI_GetVqd	8	static
C:/Users/ray_juan/.st_workbench/projects/test_0602/Src/mc_interface.c:1585:20:MCI_GetValphabeta	8	static
C:/Users/ray_juan/.st_workbench/projects/test_0602/Src/mc_interface.c:1611:16:MCI_GetElAngledpp	0	static
C:/Users/ray_juan/.st_workbench/projects/test_0602/Src/mc_interface.c:1626:16:MCI_GetTeref	0	static
C:/Users/ray_juan/.st_workbench/projects/test_0602/Src/mc_interface.c:1640:16:MCI_GetTeref_F	0	static
C:/Users/ray_juan/.st_workbench/projects/test_0602/Src/mc_interface.c:1656:16:MCI_GetPhaseCurrentAmplitude	0	static,ignoring_inline_asm
C:/Users/ray_juan/.st_workbench/projects/test_0602/Src/mc_interface.c:1685:16:MCI_GetPhaseVoltageAmplitude	8	static
C:/Users/ray_juan/.st_workbench/projects/test_0602/Src/mc_interface.c:1722:13:MCI_Clear_Iqdref	8	static
